[2026-07-25T14:56:31Z] ==============================================
[2026-07-25T14:56:31Z] HADA M1 Phase B — Production Deployment Execution Gate
[2026-07-25T14:56:31Z] Timestamp: 20260726005631
[2026-07-25T14:56:31Z] Evidence:  /home/bobthabuilda/hada-deployment/evidence/phase-b/deploy-run-20260726005631
[2026-07-25T14:56:31Z] DEPLOY_EXECUTE=0
[2026-07-25T14:56:31Z] ==============================================
[2026-07-25T14:56:31Z] ==============================================
[2026-07-25T14:56:31Z] GATE 0: Local Static Validation
[2026-07-25T14:56:31Z] ==============================================
[2026-07-25T14:56:31Z] [0a] bash -n syntax check...
[2026-07-25T14:56:31Z] PASS: bash -n OK: /home/bobthabuilda/hada-deployment/scripts/provision-secrets.sh
[2026-07-25T14:56:31Z] PASS: bash -n OK: /home/bobthabuilda/hada-deployment/scripts/supervisor.gcp.sh
[2026-07-25T14:56:31Z] PASS: bash -n OK: /home/bobthabuilda/hada-deployment/scripts/validate-host.gcp.sh
[2026-07-25T14:56:31Z] PASS: bash -n OK: /home/bobthabuilda/hada-deployment/scripts/run-phase-b0-preflight.sh
[2026-07-25T14:56:31Z] PASS: bash -n OK: scripts/run-phase-b-deploy.sh
[2026-07-25T14:56:31Z] [0b] shellcheck...
[2026-07-25T14:56:31Z] PASS: shellcheck OK (exit=0): /home/bobthabuilda/hada-deployment/scripts/provision-secrets.sh
[2026-07-25T14:56:31Z] PASS: shellcheck OK (exit=0): /home/bobthabuilda/hada-deployment/scripts/supervisor.gcp.sh
[2026-07-25T14:56:31Z] PASS: shellcheck OK (exit=0): /home/bobthabuilda/hada-deployment/scripts/validate-host.gcp.sh
[2026-07-25T14:56:31Z] PASS: shellcheck OK (exit=0): /home/bobthabuilda/hada-deployment/scripts/run-phase-b0-preflight.sh
[2026-07-25T14:56:32Z] PASS: shellcheck OK (exit=0): scripts/run-phase-b-deploy.sh
[2026-07-25T14:56:32Z] PASS: shellcheck all scripts passed (warnings/info logged to /home/bobthabuilda/hada-deployment/evidence/phase-b/deploy-run-20260726005631/shellcheck.log)
[2026-07-25T14:56:32Z] [0c] Prohibited-operation placement checks (fixture-tested)...
[2026-07-25T14:56:32Z] PASS: [0c-fix] Scanner flags uncommented 'docker system prune'
[2026-07-25T14:56:32Z] PASS: [0c-fix] Scanner ignores commented 'docker system prune'
[2026-07-25T14:56:32Z] PASS: [0c-fix] Scanner ignores echo-documented 'docker system prune'
[2026-07-25T14:56:32Z] FAIL: [0c-fix] Scanner false-positive on grep check
[2026-07-25T14:56:32Z] PASS: [0c-fix] Scanner flags uncommented 'rm -rf /var/lib/hada'
[2026-07-25T14:56:32Z] PASS: [0c-fix] Scanner flags uncommented 'docker compose down -v'
[2026-07-25T14:56:32Z] PASS: [0c-fix] Scanner ignores refusal message about 'docker compose down -v'
[2026-07-25T14:56:32Z] PASS: [0c-fix] Scanner flags uncommented 'rm -rf /opt/hada'
[2026-07-25T14:56:32Z] PASS: [0c-fix] Scanner flags uncommented 'docker volume prune'
[2026-07-25T14:56:32Z] FAIL: Prohibited pattern 'docker compose down -v' found in scripts/run-phase-b-deploy.sh
[2026-07-25T14:56:32Z] FAIL: Prohibited pattern 'docker compose down --volumes' found in scripts/run-phase-b-deploy.sh
[2026-07-25T14:56:32Z] FAIL: Prohibited pattern 'docker container prune' found in scripts/run-phase-b-deploy.sh
[2026-07-25T14:56:32Z] FAIL: Prohibited pattern 'docker volume prune' found in scripts/run-phase-b-deploy.sh
[2026-07-25T14:56:32Z] FAIL: Prohibited pattern 'docker system prune' found in scripts/run-phase-b-deploy.sh
[2026-07-25T14:56:32Z] FAIL: Prohibited pattern 'rm -rf /var/lib/hada' found in scripts/run-phase-b-deploy.sh
[2026-07-25T14:56:32Z] FAIL: Prohibited pattern 'rm -rf /opt/hada' found in scripts/run-phase-b-deploy.sh
[2026-07-25T14:56:32Z] [0d] Target assertions...
[2026-07-25T14:56:32Z] PASS: Target: project=api-intergrations-501314 zone=australia-southeast1-b vm=hada-control
[2026-07-25T14:56:32Z] [0e] Candidate checksum assertion...
[2026-07-25T14:56:32Z] PASS: Candidate SHA256 verified: 9da95a53eac87d6b2f2860f2b3944d39d66f85882848f9a69b88f06909c14371
[2026-07-25T14:56:32Z] [0f] Phase B0 evidence PASS verification...
[2026-07-25T14:56:32Z] PASS: Phase B0 evidence reports PASS
[2026-07-25T14:56:32Z] [0g] Secret redaction checks...
[2026-07-25T14:56:32Z] PASS: Secret redaction checks passed
[2026-07-25T14:56:32Z] [0h] Cleanup and rollback guard functional self-tests...
[2026-07-25T14:56:32Z] PASS: Empty path refused by cleanup regex
[2026-07-25T14:56:32Z] PASS: /tmp refused by cleanup regex
[2026-07-25T14:56:32Z] PASS: /tmp/ refused by cleanup regex
[2026-07-25T14:56:32Z] PASS: Nonmatching '/tmp/hada-b-deploy-abc' refused
[2026-07-25T14:56:32Z] PASS: Nonmatching '/tmp/other-deploy-12345' refused
[2026-07-25T14:56:32Z] PASS: Valid path accepted
[2026-07-25T14:56:32Z] PASS: Valid '/tmp/hada-b-deploy-1' accepted
[2026-07-25T14:56:32Z] PASS: bounded_rollback() preserves /var/lib/hada and uses no -v
[2026-07-25T14:56:32Z] PASS: cleanup() never deletes /var/lib/hada
[2026-07-25T14:56:32Z] [0i] Pipeline return-code capture checks...
[2026-07-25T14:56:32Z] PASS: Pipeline return-code capture present
[2026-07-25T14:56:32Z] [0j] DEPLOY_EXECUTE gate verification...
[2026-07-25T14:56:32Z] DEPLOY_EXECUTE=0 — no remote deployment will occur
[2026-07-25T14:56:32Z] PASS: DEPLOY_EXECUTE gate verified (value=0)
[2026-07-25T14:56:32Z] [0k] Static self-tests for gate logic...
[2026-07-25T14:56:32Z] PASS: static: SC2016 info-level does not fail shellcheck -S error
[2026-07-25T14:56:32Z] PASS: static: Actual shellcheck error (missing shebang) fails -S error
[2026-07-25T14:56:32Z] PASS: static: Secret-redaction: all 5 safe patterns accepted
[2026-07-25T14:56:32Z] PASS: static: Secret-redaction: all 3 unsafe literal patterns correctly rejected
[2026-07-25T14:56:32Z] PASS: static: bounded_rollback() does not use -v
[2026-07-25T14:56:32Z] PASS: static: bounded_rollback() never deletes /var/lib/hada
[2026-07-25T14:56:32Z] PASS: static: PIPESTATUS[0] referenced for pipeline rc capture
[2026-07-25T14:56:32Z] PASS: static: tee used for evidence log capture with pipeline rc
[2026-07-25T14:56:32Z] PASS: static: ssh_sudo_capture sorts output (after success check)
[2026-07-25T14:56:32Z] PASS: static: ssh_sudo_capture does not place sort inside Docker cmd sub
[2026-07-25T14:56:32Z] PASS: static: Stage-aware rollback resource tracking present
[2026-07-25T14:56:32Z] PASS: static: UUID verification uses findmnt output
[2026-07-25T14:56:32Z] PASS: static: Remote temp dir created with umask 077 / mode 0700
[2026-07-25T14:56:32Z] FAIL: static: Valkey health still uses -a flag or missing VALKEYCLI_AUTH
[2026-07-25T14:56:32Z] PASS: static: Remote blocks include set -Eeuo pipefail (40 occurrences)
[2026-07-25T14:56:32Z] Gate 0k: 14 passed, 1 failed — see individual results above
[2026-07-25T14:56:32Z] GATE 0: FAILED — aborting before any remote action
[2026-07-25T14:56:32Z] ABORT: Gate 0 failed
