[2026-07-26T00:27:48Z] ==============================================
[2026-07-26T00:27:48Z] HADA M1 Phase B — Production Deployment Execution Gate (DEEP CORRECTED)
[2026-07-26T00:27:48Z] Timestamp: 20260726102748
[2026-07-26T00:27:48Z] Evidence:  /home/bobthabuilda/hada-deployment/evidence/phase-b/deploy-run-20260726102748
[2026-07-26T00:27:48Z] DEPLOY_EXECUTE=0
[2026-07-26T00:27:48Z] ==============================================
[2026-07-26T00:27:48Z] ==============================================
[2026-07-26T00:27:48Z] GATE 0: Local Static Validation
[2026-07-26T00:27:48Z] ==============================================
[2026-07-26T00:27:48Z] [0a] bash -n syntax check...
[2026-07-26T00:27:48Z] PASS: bash -n OK: provision-secrets.sh
[2026-07-26T00:27:48Z] PASS: bash -n OK: supervisor.gcp.sh
[2026-07-26T00:27:48Z] PASS: bash -n OK: validate-host.gcp.sh
[2026-07-26T00:27:48Z] PASS: bash -n OK: run-phase-b0-preflight.sh
[2026-07-26T00:27:48Z] PASS: bash -n OK: run-phase-b-deploy.sh
[2026-07-26T00:27:48Z] [0b] shellcheck...
[2026-07-26T00:27:48Z] PASS: shellcheck OK: provision-secrets.sh
[2026-07-26T00:27:48Z] PASS: shellcheck OK: supervisor.gcp.sh
[2026-07-26T00:27:48Z] PASS: shellcheck OK: validate-host.gcp.sh
[2026-07-26T00:27:48Z] PASS: shellcheck OK: run-phase-b0-preflight.sh
[2026-07-26T00:27:49Z] PASS: shellcheck OK: run-phase-b-deploy.sh
[2026-07-26T00:27:49Z] [0c] Prohibited-operation scan (fixture-tested scanner)...
[2026-07-26T00:27:49Z] PASS: No prohibited operations in production scripts
[2026-07-26T00:27:49Z] [0d] Target assertions...
[2026-07-26T00:27:49Z] PASS: Target: project=api-intergrations-501314 zone=australia-southeast1-b vm=hada-control
[2026-07-26T00:27:49Z] [0e] Candidate checksum assertion...
[2026-07-26T00:27:49Z] PASS: Candidate SHA256 verified: 9da95a53eac87d6b2f2860f2b3944d39d66f85882848f9a69b88f06909c14371
[2026-07-26T00:27:49Z] [0f] Phase B0 evidence PASS verification...
[2026-07-26T00:27:49Z] PASS: Phase B0 evidence reports PASS
[2026-07-26T00:27:49Z] [0g] Secret-redaction self-check...
[2026-07-26T00:27:49Z] PASS: No literal secrets in runner
[2026-07-26T00:27:49Z] [0h] Cleanup-path guard self-tests...
[2026-07-26T00:27:49Z] PASS: Cleanup-path guard self-tests passed
[2026-07-26T00:27:49Z] [0i] Pipeline return-code capture checks...
[2026-07-26T00:27:49Z] PASS: Pipeline return-code capture present
[2026-07-26T00:27:49Z] [0j] DEPLOY_EXECUTE gate verification...
[2026-07-26T00:27:49Z] DEPLOY_EXECUTE=0
[2026-07-26T00:27:49Z] PASS: DEPLOY_EXECUTE gate verified (value=0)
[2026-07-26T00:27:49Z] GATE 0: ALL LOCAL STATIC VALIDATIONS PASSED
[2026-07-26T00:27:49Z] ==============================================
[2026-07-26T00:27:49Z] GATE 1: Candidate Verification & Local Extraction
[2026-07-26T00:27:49Z] ==============================================
[2026-07-26T00:27:49Z] PASS: Candidate archive checksum re-verified
[2026-07-26T00:27:49Z] PASS: All 11 manifest entries present in candidate
[2026-07-26T00:27:49Z] PASS: Candidate payload manifest computed (43 files)
[2026-07-26T00:27:49Z] GATE 1: PASSED (local extraction complete)
[2026-07-26T00:27:49Z] DEPLOY_EXECUTE is not '1' — execution-gate review only.
[2026-07-26T00:27:49Z] No SSH/SCP/deploy actions were performed.
[2026-07-26T00:27:49Z] Re-run with DEPLOY_EXECUTE=1 to perform the deployment.
[2026-07-26T00:27:49Z] Execution-gate review written to: /home/bobthabuilda/hada-deployment/evidence/phase-b/deploy-run-20260726102748/execution-gate-review.md
[2026-07-26T00:27:49Z] [cleanup] removed local extract dir: /tmp/hada-b-extract-npD75P
